Error: Automat is not complete -- no edge with symbol 'b' from state 2
