Error: Syntax error
Error: Start state of the automat has not been detected
