Error: Symbols of the alphabet are not unique -- identical symbols: b (pos: 0) and b (pos: 1)
