Alphabet -- 2 symbol(s):
             (a, b)
Start state:
             1
Terminals -- 1 state(s):
             2
All states:
           (number: 1, type: start)
           (number: 2, type: terminal)
           (number: 3, type: average)
           (number: 4, type: runoff)
Edges:
            1 --> 2, symbols: (a)
            1 --> 3, symbols: (b)
            2 --> 2, symbols: (a, b)
            3 --> 4, symbols: (a, b)
            4 --> 4, symbols: (a, b)
